  main.cpp
C:\Users\jurij\Desktop\topdownshooter\main\main\main.cpp(67,35): warning C4244: 'return': conversion from 'const float' to 'int', possible loss of data
C:\Users\jurij\Desktop\topdownshooter\main\main\main.cpp(162,32): warning C4838: conversion from 'int' to 'float' requires a narrowing conversion
C:\Users\jurij\Desktop\topdownshooter\main\main\main.cpp(162,32): warning C4244: 'initializing': conversion from 'int' to 'float', possible loss of data
C:\Users\jurij\Desktop\topdownshooter\main\main\main.cpp(162,46): warning C4838: conversion from 'int' to 'float' requires a narrowing conversion
C:\Users\jurij\Desktop\topdownshooter\main\main\main.cpp(162,46): warning C4244: 'initializing': conversion from 'int' to 'float', possible loss of data
C:\Users\jurij\Desktop\topdownshooter\main\main\main.cpp(163,48): warning C4838: conversion from 'int' to 'float' requires a narrowing conversion
C:\Users\jurij\Desktop\topdownshooter\main\main\main.cpp(163,48): warning C4244: 'initializing': conversion from 'int' to 'float', possible loss of data
C:\Users\jurij\Desktop\topdownshooter\main\main\main.cpp(163,62): warning C4838: conversion from 'int' to 'float' requires a narrowing conversion
C:\Users\jurij\Desktop\topdownshooter\main\main\main.cpp(163,62): warning C4244: 'initializing': conversion from 'int' to 'float', possible loss of data
C:\Users\jurij\Desktop\topdownshooter\main\main\main.cpp(278,32): warning C4838: conversion from 'int' to 'float' requires a narrowing conversion
C:\Users\jurij\Desktop\topdownshooter\main\main\main.cpp(278,32): warning C4244: 'initializing': conversion from 'int' to 'float', possible loss of data
C:\Users\jurij\Desktop\topdownshooter\main\main\main.cpp(278,46): warning C4838: conversion from 'int' to 'float' requires a narrowing conversion
C:\Users\jurij\Desktop\topdownshooter\main\main\main.cpp(278,46): warning C4244: 'initializing': conversion from 'int' to 'float', possible loss of data
C:\Users\jurij\Desktop\topdownshooter\main\main\main.cpp(279,48): warning C4838: conversion from 'int' to 'float' requires a narrowing conversion
C:\Users\jurij\Desktop\topdownshooter\main\main\main.cpp(279,48): warning C4244: 'initializing': conversion from 'int' to 'float', possible loss of data
C:\Users\jurij\Desktop\topdownshooter\main\main\main.cpp(279,62): warning C4838: conversion from 'int' to 'float' requires a narrowing conversion
C:\Users\jurij\Desktop\topdownshooter\main\main\main.cpp(279,62): warning C4244: 'initializing': conversion from 'int' to 'float', possible loss of data
C:\Users\jurij\Desktop\topdownshooter\main\main\main.cpp(380,30): warning C4838: conversion from 'int' to 'float' requires a narrowing conversion
C:\Users\jurij\Desktop\topdownshooter\main\main\main.cpp(380,30): warning C4244: 'initializing': conversion from 'int' to 'float', possible loss of data
C:\Users\jurij\Desktop\topdownshooter\main\main\main.cpp(380,53): warning C4838: conversion from 'int' to 'float' requires a narrowing conversion
C:\Users\jurij\Desktop\topdownshooter\main\main\main.cpp(380,53): warning C4244: 'initializing': conversion from 'int' to 'float', possible loss of data
C:\Users\jurij\Desktop\topdownshooter\main\main\main.cpp(380,89): warning C4838: conversion from 'int' to 'float' requires a narrowing conversion
C:\Users\jurij\Desktop\topdownshooter\main\main\main.cpp(380,89): warning C4244: 'initializing': conversion from 'int' to 'float', possible loss of data
C:\Users\jurij\Desktop\topdownshooter\main\main\main.cpp(380,108): warning C4838: conversion from 'int' to 'float' requires a narrowing conversion
C:\Users\jurij\Desktop\topdownshooter\main\main\main.cpp(380,108): warning C4244: 'initializing': conversion from 'int' to 'float', possible loss of data
  main.vcxproj -> C:\Users\jurij\Desktop\topdownshooter\main\x64\Debug\main.exe
  'pwsh.exe' is not recognized as an internal or external command,
  operable program or batch file.
